// Vitest Snapshot v1, https://vitest.dev/guide/snapshot.html

exports[`single Pokemon API > check vercel config 1`] = `
{
  "regions": [
    "fra1",
  ],
  "runtime": "edge",
}
`;
